// Jest Snapshot v1, https://goo.gl/fbAQLP

exports[`components/Info renders Info 1`] = `
<styled.div>
  <div
    className="sc-bdVaJa cBlAJt"
  >
    <styled.div>
      <div
        className="sc-bwzfXH LKvyz"
      >
        Array [
          <h1>
            Om CoderDojo Webbskolan
          </h1>,
          <p
            key="paragraph-3-1"
          >
            Webbskolan är ett projekt framtaget av CoderDojo Stockholm för att lära barn och ungdomar att programmera för webben. Här finns ett urval av övningar i HTML, CSS och Javascript. Tanken är att man ska kunna jobba helt självgående.
          </p>,
          <p
            key="paragraph-5-1"
          >
            Sidan är optimerad för Google Chrome och anpassad för bärbar dator då det är vad barnen/ungdomarna har med sig till CoderDojo.
          </p>,
          <p
            key="paragraph-7-1"
          >
            All källkod finns tillgänglig på 
            <a
              href="https://github.com/AElmoznino/coderdojo-web"
              key="link-7-34"
            >
              GitHub
            </a>
            .
          </p>,
          <h2>
            Om CoderDojo
          </h2>,
          <p
            key="paragraph-10-1"
          >
            CoderDojo är en kodklubb för barn och ungdomar mellan 7 och 17 år. I skrivande stund (januari 2018) finns det i 111 länder. Det är gratis att gå med och alla volontärer arbetar ideellt, eftersom vi tycker att alla barn ska få chansen att upptäcka hur kul programmering är.
          </p>,
          <p
            key="paragraph-12-1"
          >
            Läs mer om 
            <a
              href="https://coderdojo.com/"
              key="link-12-12"
            >
              CoderDojo
            </a>
             och 
            <a
              href="http://coderdojostockholm.se"
              key="link-12-52"
            >
              CoderDojo Stockholm
            </a>
            , där du även kan se vårt schema för kommande dojos .
          </p>,
        ]
      </div>
    </styled.div>
  </div>
</styled.div>
`;
