// Jest Snapshot v1, https://goo.gl/fbAQLP

exports[`components/About renders About 1`] = `
<styled.div>
  <styled.div>
    <styled.h1>
      Om CoderDojo Webbskolan
    </styled.h1>
    <p>
      Webbskolan är ett projekt för att lära barn och ungdomar att programmera för webben. Här finns ett urval av övningar i HTML, CSS och Javascript. Tanken är att man ska kunna jobba helt självgående.
    </p>
    <p>
      Sidan är optimerad för Google Chrome och anpassad för bärbar dator då det är vad barnen/ungdomarna har med sig till CoderDojo.
    </p>
  </styled.div>
</styled.div>
`;
