// Jest Snapshot v1, https://goo.gl/fbAQLP

exports[`components/Lesson renders Lesson 1`] = `
<styled.div>
  <div
    className="sc-bdVaJa cBlAJt"
  >
    <styled.div>
      <div
        className="sc-bwzfXH LKvyz"
      >
        <styled.div>
          <div
            className="sc-htoDjs jUiOwB"
          >
            <div>
              <styled.h1>
                <h1
                  className="sc-htpNat kpiFDp"
                >
                  HTML del 1
                </h1>
              </styled.h1>
              <p>
                HTML används för att strukturera upp hemsidor. Alla hemsidor är byggda med det.
              </p>
            </div>
            <styled.div>
              <div
                className="sc-dnqmqq dXnOWs"
              >
                <styled.h4>
                  <h4
                    className="sc-ifAKCX dhEZNh"
                  >
                    Du kommer lära dig:
                  </h4>
                </styled.h4>
                Array [
                  <p
                    key="paragraph-1-1"
                  >
                    Du kommer lära dig:
                  </p>,
                  <ol>
                    <li>
                      vad HTML är och används till
                    </li>
                    <li>
                      strukturera upp din hemsida med HTML
                    </li>
                  </ol>,
                ]
              </div>
            </styled.div>
          </div>
        </styled.div>
        Array [
          <h2>
            Vad är HTML
          </h2>,
          <p
            key="paragraph-2-1"
          >
            HTML står för Hypertext Markup Language. Det är instruktioner för webbläsaren hur sidan ska ritas upp i din webbläsare. 
          </p>,
          <p
            key="paragraph-4-1"
          >
            De flesta hemsidor, även denna, har rubriker, textstycken, bilder, den s.k. navigationen högst upp. HTML instruerar webbläsaren hur den ska rita upp din hemsida.
          </p>,
          <p
            key="paragraph-6-1"
          >
            ##Hur skriver man HTML
HTML består av olika så kallade "taggar" som är förbestämda. Rubriker skrivs som  osv beroende på storlek. 
Om du vill skriva en rubrik, så måste du tänka på att själva rubriken ska vara 
            <em
              key="emphasis-8-80"
            >
              innanför
            </em>
             taggarna, såhär: 
I rutan nedan kan du se exempel på hur HTML-kod skrivs (till vänster), och hur det då kommer se ut (till höger).
          </p>,
          <span
            dangerouslySetInnerHTML={
              Object {
                "__html": "<iframe src=\\"https://codesandbox.io/embed/v3qpwx7063?fontsize=12&hidenavigation=1\\" style=\\"width:100%; height:500px; overflow:hidden;\\" sandbox=\\"allow-modals allow-forms allow-popups allow-scripts allow-same-origin\\"></iframe>",
              }
            }
          />,
        ]
      </div>
    </styled.div>
    <styled.div>
      <div
        className="sc-bwzfXH LKvyz"
      >
        <styled.div>
          <div
            className="sc-gzVnrw liWgEh"
          >
            <strong>
              Nästa lektion: 
              HTML del 2
            </strong>
            <Styled(Link)
              to="/lesson/nybörjare-2"
            >
              <a
                className="sc-bZQynM LpvqH"
                href="/lesson/nybörjare-2"
                onClick={[Function]}
              >
                Fortsätt &gt;
              </a>
            </Styled(Link)>
          </div>
        </styled.div>
      </div>
    </styled.div>
  </div>
</styled.div>
`;
