// Jest Snapshot v1, https://goo.gl/fbAQLP

exports[`components/Overview renders Overview 1`] = `
<styled.div>
  <div
    className="sc-bdVaJa cBlAJt"
  >
    <styled.div>
      <div
        className="sc-bwzfXH LKvyz"
      >
        <styled.h1>
          <h1
            className="sc-htpNat kpiFDp"
          >
            Översikt av 
            nybörjare
          </h1>
        </styled.h1>
        <p
          key="paragraph-1-1"
        >
          Har du aldrig kodat förrut? Då börjar du här och får en
                introduktion till hur man strukturerar upp hemsidor med 
          <strong
            key="strong-2-73"
          >
            HTML
          </strong>
           och
                snyggar till dem med 
          <strong
            key="strong-3-38"
          >
            CSS
          </strong>
          .
        </p>
        <styled.div>
          <div
            className="sc-htoDjs iAmKHR"
          >
            <styled.div>
              <div
                className="sc-gzVnrw gINtiU"
              >
                <styled.h4>
                  <h4
                    className="sc-bZQynM FsPVD"
                  >
                    Lektion 
                    1
                  </h4>
                </styled.h4>
                <img
                  alt="HTML för nybörjare, del 1"
                  src="https://placeimg.com/180/180/tech"
                />
                <p>
                  Här får du lära dig grunderna i HTML
                </p>
                <Styled(Link)
                  to="/lesson/nybörjare-1"
                >
                  <a
                    className="sc-EHOje fwWOIl"
                    href="/lesson/nybörjare-1"
                    onClick={[Function]}
                  >
                    Kom igång
                  </a>
                </Styled(Link)>
              </div>
            </styled.div>
            <styled.div>
              <div
                className="sc-gzVnrw gINtiU"
              >
                <styled.h4>
                  <h4
                    className="sc-bZQynM FsPVD"
                  >
                    Lektion 
                    2
                  </h4>
                </styled.h4>
                <img
                  alt="HTML för nybörjare, del 2"
                  src="https://placeimg.com/180/180/tech"
                />
                <p>
                  Här får du lära dig mer om HTML
                </p>
                <Styled(Link)
                  to="/lesson/nybörjare-2"
                >
                  <a
                    className="sc-EHOje fwWOIl"
                    href="/lesson/nybörjare-2"
                    onClick={[Function]}
                  >
                    Kom igång
                  </a>
                </Styled(Link)>
              </div>
            </styled.div>
            <styled.div>
              <div
                className="sc-gzVnrw gINtiU"
              >
                <styled.h4>
                  <h4
                    className="sc-bZQynM FsPVD"
                  >
                    Lektion 
                    3
                  </h4>
                </styled.h4>
                <img
                  alt="CSS för nybörjare"
                  src="https://placeimg.com/180/180/tech"
                />
                <p>
                  Här får du lära dig grunderna i CSS
                </p>
                <Styled(Link)
                  to="/lesson/nybörjare-3"
                >
                  <a
                    className="sc-EHOje fwWOIl"
                    href="/lesson/nybörjare-3"
                    onClick={[Function]}
                  >
                    Kom igång
                  </a>
                </Styled(Link)>
              </div>
            </styled.div>
            <styled.div>
              <div
                className="sc-gzVnrw gINtiU"
              >
                <styled.h4>
                  <h4
                    className="sc-bZQynM FsPVD"
                  >
                    Lektion 
                    4
                  </h4>
                </styled.h4>
                <img
                  alt="CSS för nybörjare"
                  src="https://placeimg.com/180/180/tech"
                />
                <p>
                  Här får du lära dig mer om CSS
                </p>
                <Styled(Link)
                  to="/lesson/nybörjare-4"
                >
                  <a
                    className="sc-EHOje fwWOIl"
                    href="/lesson/nybörjare-4"
                    onClick={[Function]}
                  >
                    Kom igång
                  </a>
                </Styled(Link)>
              </div>
            </styled.div>
          </div>
        </styled.div>
      </div>
    </styled.div>
  </div>
</styled.div>
`;
