// Jest Snapshot v1, https://goo.gl/fbAQLP

exports[`components/OverviewLesson renders OverviewLesson 1`] = `
<styled.div>
  <styled.h4>
    Lektion 
    1
  </styled.h4>
  <img
    alt="testText"
    src="https://placeimg.com/180/180/tech"
  />
  <p>
    This lesson is about something
  </p>
  <Styled(Link)
    to="/lesson/nybörjare-1"
  >
    Kom igång
  </Styled(Link)>
</styled.div>
`;
