// Jest Snapshot v1, https://goo.gl/fbAQLP

exports[`components/Overview renders Overview 1`] = `
<styled.div>
  <div
    className="sc-bdVaJa cBlAJt"
  >
    <styled.div>
      <div
        className="sc-bwzfXH LKvyz"
      >
        <styled.h1>
          <h1
            className="sc-htpNat kpiFDp"
          >
            Översikt av 
            Nybörjare
          </h1>
        </styled.h1>
        <p
          key="paragraph-1-1"
        >
          Välj ett spår nedan. Du kan göra dem i vilken ordning du vill. Med 
          <strong
            key="strong-1-68"
          >
            HTML
          </strong>
           kan du bygga enklare hemsidor. 
          <strong
            key="strong-1-108"
          >
            JavaScript
          </strong>
           hjälper dig att göra dem interaktiva.
        </p>
        <styled.div
          key="html-beginner"
        >
          <div
            className="sc-dnqmqq cxqaCR"
          >
            <styled.h2>
              <h2
                className="sc-ifAKCX klzJTC"
              >
                HTML för nybörjare
              </h2>
            </styled.h2>
            <p
              key="paragraph-1-1"
            >
              <strong
                key="strong-1-1"
              >
                HTML
              </strong>
               används för att strukturera upp dina hemsidor med rubriker, texter, bilder osv. I denna mini-kurs får du lära dig grunderna i HTML.
            </p>
            <styled.div>
              <div
                className="sc-iwsKbI ldduZE"
              >
                <styled.div>
                  <div
                    className="sc-htoDjs dKfutL"
                  >
                    <styled.h4>
                      <h4
                        className="sc-gzVnrw cGhHRu"
                      >
                        Lektion 
                        1
                      </h4>
                    </styled.h4>
                    <img
                      alt="HTML del 1"
                      src="https://placeimg.com/180/180/tech"
                    />
                    <p>
                      Lär dig vad HTML används till och hur du strukturerar upp hemsidor med det.
                    </p>
                    <Styled(Link)
                      to="/lesson/html-beginner-1"
                    >
                      <a
                        className="sc-bZQynM LpvqH"
                        href="/lesson/html-beginner-1"
                        onClick={[Function]}
                      >
                        Kom igång
                      </a>
                    </Styled(Link)>
                  </div>
                </styled.div>
              </div>
            </styled.div>
          </div>
        </styled.div>
        <styled.div
          key="tdd-beginner"
        >
          <div
            className="sc-dnqmqq cxqaCR"
          >
            <styled.h2>
              <h2
                className="sc-ifAKCX klzJTC"
              >
                Testdriven utveckling i JavaScript
              </h2>
            </styled.h2>
            <p
              key="paragraph-1-1"
            >
              Testdriven utveckling (kallas 
              <strong
                key="strong-1-31"
              >
                TDD
              </strong>
              ) är det rätta sättet att koda när man har mycket logik. Har du aldrig skrivit JavaScript förrut så fortsätter du här. 
            </p>
            <styled.div>
              <div
                className="sc-iwsKbI ldduZE"
              >
                <styled.div>
                  <div
                    className="sc-htoDjs dKfutL"
                  >
                    <styled.h4>
                      <h4
                        className="sc-gzVnrw cGhHRu"
                      >
                        Lektion 
                        1
                      </h4>
                    </styled.h4>
                    <img
                      alt="Introduktion till TDD"
                      src="https://placeimg.com/180/180/tech"
                    />
                    <p />
                    <Styled(Link)
                      to="/lesson/tdd-beginner-1"
                    >
                      <a
                        className="sc-bZQynM LpvqH"
                        href="/lesson/tdd-beginner-1"
                        onClick={[Function]}
                      >
                        Kom igång
                      </a>
                    </Styled(Link)>
                  </div>
                </styled.div>
              </div>
            </styled.div>
          </div>
        </styled.div>
      </div>
    </styled.div>
  </div>
</styled.div>
`;
