// Jest Snapshot v1, https://goo.gl/fbAQLP

exports[`components/Start renders Start 1`] = `
<styled.div>
  <div
    className="sc-bdVaJa cBlAJt"
  >
    <styled.div>
      <div
        className="sc-bxivhb dosbik"
      >
        <styled.h1>
          <h1
            className="sc-htpNat kpiFDp"
          >
            Nybörjare
          </h1>
        </styled.h1>
        <styled.div>
          <div
            className="sc-ifAKCX eEDyMQ"
          >
            <img
              alt="placeholder alt"
              src="https://placeimg.com/200/200/tech"
            />
            <styled.div>
              <div
                className="sc-EHOje loaWLG"
              >
                <p>
                  Har du aldrig kodat förrut? Då börjar du här och får en introduktion
          till hur man strukturerar upp hemsidor med HTML och snyggar till dem
          med CSS.
                </p>
                <Styled(Styled(Link))
                  to="/overview/nybörjare"
                >
                  <a
                    className="sc-bwzfXH sc-bZQynM eJlLuS"
                    href="/overview/nybörjare"
                    onClick={[Function]}
                  >
                    Kom igång
                  </a>
                </Styled(Styled(Link))>
              </div>
            </styled.div>
          </div>
        </styled.div>
      </div>
    </styled.div>
    <styled.div>
      <div
        className="sc-bxivhb dosbik"
      >
        <styled.h1>
          <h1
            className="sc-htpNat kpiFDp"
          >
            Fortsättning
          </h1>
        </styled.h1>
        <styled.div>
          <div
            className="sc-ifAKCX eEDyMQ"
          >
            <img
              alt="placeholder alt"
              src="https://placeimg.com/200/200/tech"
            />
            <styled.div>
              <div
                className="sc-EHOje loaWLG"
              >
                <p>
                  Har du redan prövat lite skriven programmering (dvs inte code.org eller Scratch)
    så är det här du fortsätter. Du får pröva på Testdriven utveckling och att ändra dina
    hemsidor med JavaScript
                </p>
                <Styled(Styled(Link))
                  to="/overview/fortsättning"
                >
                  <a
                    className="sc-bwzfXH sc-bZQynM eJlLuS"
                    href="/overview/fortsättning"
                    onClick={[Function]}
                  >
                    Kom igång
                  </a>
                </Styled(Styled(Link))>
              </div>
            </styled.div>
          </div>
        </styled.div>
      </div>
    </styled.div>
  </div>
</styled.div>
`;
