// Jest Snapshot v1, https://goo.gl/fbAQLP

exports[`components/Start renders Start 1`] = `
<styled.div>
  <div
    className="sc-bdVaJa cBlAJt"
  >
    <styled.h1>
      <h1
        className="sc-htpNat kpiFDp"
      >
        Välkommen till CoderDojo Webbskolan
      </h1>
    </styled.h1>
    <p>
      Här kan du lära dig koda för webben. När du är klar kommer du kunna bygga hemsidor, lösa din matteläxor med hjälp av kod, och mycket annat skoj. Webbskolan är helt gratis och du behöver inget konto.
    </p>
    <styled.div>
      <div
        className="sc-bwzfXH LKvyz"
      >
        <styled.h1>
          <h1
            className="sc-htpNat kpiFDp"
          >
            Nybörjare
          </h1>
        </styled.h1>
        <styled.div>
          <div
            className="sc-bZQynM gzSSXj"
          >
            <img
              alt="placeholder alt"
              src="https://placeimg.com/200/200/tech"
            />
            <styled.div>
              <div
                className="sc-gzVnrw bkJYUS"
              >
                Array [
                  <p
                    key="paragraph-1-1"
                  >
                    Har du inte kodat förrut? Då börjar du här. Lär dig:
                  </p>,
                  <ul>
                    <li>
                      strukturera upp hemsidor med 
                      <strong
                        key="strong-3-32"
                      >
                        HTML
                      </strong>
                    </li>
                    <li>
                      snygga till din hemsida med 
                      <strong
                        key="strong-4-31"
                      >
                        CSS
                      </strong>
                    </li>
                    <li>
                      bygga din första hemsida, ett Pokédex
                    </li>
                    <li>
                      lösa dina matteläxor med 
                      <strong
                        key="strong-6-28"
                      >
                        JavaScript
                      </strong>
                    </li>
                  </ul>,
                ]
                <Styled(Styled(Link))
                  to="/overview/beginner"
                >
                  <a
                    className="sc-EHOje sc-htoDjs eWdsvx"
                    href="/overview/beginner"
                    onClick={[Function]}
                  >
                    Kom igång
                  </a>
                </Styled(Styled(Link))>
              </div>
            </styled.div>
          </div>
        </styled.div>
      </div>
    </styled.div>
    <styled.div>
      <div
        className="sc-bwzfXH LKvyz"
      >
        <styled.h1>
          <h1
            className="sc-htpNat kpiFDp"
          >
            Fortsättning
          </h1>
        </styled.h1>
        <styled.div>
          <div
            className="sc-bZQynM gzSSXj"
          >
            <img
              alt="placeholder alt"
              src="https://placeimg.com/200/200/tech"
            />
            <styled.div>
              <div
                className="sc-gzVnrw bkJYUS"
              >
                <p
                  key="paragraph-1-1"
                >
                  Om du har kodat lite förrut så fortsätter du här.
                </p>
                <Styled(Styled(Link))
                  to="/overview/intermediate"
                >
                  <a
                    className="sc-EHOje sc-htoDjs eWdsvx"
                    href="/overview/intermediate"
                    onClick={[Function]}
                  >
                    Kom igång
                  </a>
                </Styled(Styled(Link))>
              </div>
            </styled.div>
          </div>
        </styled.div>
      </div>
    </styled.div>
  </div>
</styled.div>
`;
