// Jest Snapshot v1, https://goo.gl/fbAQLP

exports[`components/Start renders Start 1`] = `
<styled.div>
  <styled.h1>
    Välkommen till Webbskolan
  </styled.h1>
  <StartSection
    key="Nybörjare"
    link="/overview/nybörjare"
    text="Har du aldrig kodat förrut? Då börjar du här och får en introduktion
          till hur man strukturerar upp hemsidor med HTML och snyggar till dem
          med CSS."
    title="Nybörjare"
  />
  <StartSection
    key="Fortsättning"
    link="/overview/fortsättning"
    text="Har du redan prövat lite skriven programmering (dvs inte code.org eller Scratch)
    så är det här du fortsätter. Du får pröva på Testdriven utveckling och att ändra dina
    hemsidor med JavaScript"
    title="Fortsättning"
  />
</styled.div>
`;
