// Jest Snapshot v1, https://goo.gl/fbAQLP

exports[`components/Navigation renders Navigation 1`] = `
<Styled(styled.div)>
  <styled.div>
    <div>
      <Link
        replace={false}
        to="/"
      >
        <img
          alt="Webbskolan CoderDojo"
          src="test-file-stub"
        />
      </Link>
    </div>
    <div>
      <Link
        replace={false}
        to="/about"
      >
        Om
      </Link>
    </div>
  </styled.div>
</Styled(styled.div)>
`;
